
> frontend@0.1.0 start
> react-scripts start

Starting the development server...

Compiled successfully!

You can now view frontend in the browser.

  Local:            http://localhost:3000
  On Your Network:  http://192.168.1.17:3000

Note that the development build is not optimized.
To create a production build, use npm run build.

webpack compiled successfully
